<testsuites id="" name="" tests="36" failures="0" skipped="0" errors="0" time="53.032035">
  <testsuite name="Regrese\Sestavy\Uzivatelske_Sestavy_Life_Cycle_api.spec.ts" timestamp="2025-11-20T12:57:32.865Z" hostname="API" tests="36" failures="0" skipped="0" time="51.442" errors="0">
    <testcase name="TC_Sestavy_001: Přehled prodejů  @regression @report @api @high" classname="Regrese\Sestavy\Uzivatelske_Sestavy_Life_Cycle_api.spec.ts" time="1.249"/>
    <testcase name="TC_Sestavy_002: Přehled prodejů PHM pro FÚ  @regression @report @api @medium" classname="Regrese\Sestavy\Uzivatelske_Sestavy_Life_Cycle_api.spec.ts" time="1.398"/>
    <testcase name="TC_Sestavy_003: Přehled prodejů se slevovou kartou  @regression @report @api @medium" classname="Regrese\Sestavy\Uzivatelske_Sestavy_Life_Cycle_api.spec.ts" time="0.9">
      <system-out><![CDATA[2025[0m[0m-11[0m[0m-20[0m[0m 12[0m[0m:57[0m[0m:37[0m[0m.523[0m[0m [33m[1mWARN[22m[39m[0m[0m [[37m\tests\Regrese\Sestavy\Uzivatelske_Sestavy_Life_Cycle_api.spec.ts:167[39m[0m[0m]TC-Sestavy-003 D003 Přehled prodejů se slevovou kartou - 1763643457366 Krok 2: Počet položek (itemsCount) je 0. Sestava je prázdná, ale test pokračuje.
]]></system-out>
    </testcase>
    <testcase name="TC_Sestavy_004: Přehled smazaných položek účtenek  @regression @report @api @medium" classname="Regrese\Sestavy\Uzivatelske_Sestavy_Life_Cycle_api.spec.ts" time="0.841"/>
    <testcase name="TC_Sestavy_005: Přehled konkurenčních cen  @regression @report @api @medium" classname="Regrese\Sestavy\Uzivatelske_Sestavy_Life_Cycle_api.spec.ts" time="0.933"/>
    <testcase name="TC_Sestavy_006: Export položek pokladních dokladů  @regression @report @api @medium" classname="Regrese\Sestavy\Uzivatelske_Sestavy_Life_Cycle_api.spec.ts" time="17.095"/>
    <testcase name="TC_Sestavy_007: Přehled nákupů zboží  @regression @report @api @medium" classname="Regrese\Sestavy\Uzivatelske_Sestavy_Life_Cycle_api.spec.ts" time="1.202"/>
    <testcase name="TC_Sestavy_008: Přehled dodávek PHM pro FÚ  @regression @report @api @medium" classname="Regrese\Sestavy\Uzivatelske_Sestavy_Life_Cycle_api.spec.ts" time="0.901"/>
    <testcase name="TC_Sestavy_009: Přehled pohybů zboží  @regression @report @api @medium" classname="Regrese\Sestavy\Uzivatelske_Sestavy_Life_Cycle_api.spec.ts" time="1.318"/>
    <testcase name="TC_Sestavy_010: Přehled přecenění  @regression @report @api @medium" classname="Regrese\Sestavy\Uzivatelske_Sestavy_Life_Cycle_api.spec.ts" time="0.955"/>
    <testcase name="TC_Sestavy_011: Půlnoční zásoby PHM  @regression @report @api @medium" classname="Regrese\Sestavy\Uzivatelske_Sestavy_Life_Cycle_api.spec.ts" time="0.867"/>
    <testcase name="TC_Sestavy_012: Přehled minimální zásoby skladových karet  @regression @report @api @medium" classname="Regrese\Sestavy\Uzivatelske_Sestavy_Life_Cycle_api.spec.ts" time="0.922"/>
    <testcase name="TC_Sestavy_013: Přehled nedoautorizovaných transakcí  @regression @report @api @medium" classname="Regrese\Sestavy\Uzivatelske_Sestavy_Life_Cycle_api.spec.ts" time="0.828"/>
    <testcase name="TC_Sestavy_014: Přehled odběrů podle řidiče  @regression @report @api @medium" classname="Regrese\Sestavy\Uzivatelske_Sestavy_Life_Cycle_api.spec.ts" time="0.898"/>
    <testcase name="TC_Sestavy_015: Přehled odběrů podle vozidla  @regression @report @api @medium" classname="Regrese\Sestavy\Uzivatelske_Sestavy_Life_Cycle_api.spec.ts" time="0.923"/>
    <testcase name="TC_Sestavy_016: Přehled prodejů - sdílená sestava  @regression @report @api @high" classname="Regrese\Sestavy\Uzivatelske_Sestavy_Life_Cycle_api.spec.ts" time="1.052"/>
    <testcase name="TC_Sestavy_017: Přehled prodejů - Všechna seskupení  @regression @report @api @high @grouping" classname="Regrese\Sestavy\Uzivatelske_Sestavy_Life_Cycle_api.spec.ts" time="0.876"/>
    <testcase name="TC_Sestavy_018: Přehled prodejů - Seskupení bez localCardOwnerLabel  @regression @report @api @medium @grouping" classname="Regrese\Sestavy\Uzivatelske_Sestavy_Life_Cycle_api.spec.ts" time="0.889"/>
    <testcase name="TC_Sestavy_019: Přehled prodejů - Seskupení bez cardIssuerLabel  @regression @report @api @medium @grouping" classname="Regrese\Sestavy\Uzivatelske_Sestavy_Life_Cycle_api.spec.ts" time="0.933"/>
    <testcase name="TC_Sestavy_020: Přehled prodejů - Seskupení bez vatValue  @regression @report @api @medium @grouping" classname="Regrese\Sestavy\Uzivatelske_Sestavy_Life_Cycle_api.spec.ts" time="0.856"/>
    <testcase name="TC_Sestavy_021: Přehled prodejů - Seskupení bez paidByLabel  @regression @report @api @medium @grouping" classname="Regrese\Sestavy\Uzivatelske_Sestavy_Life_Cycle_api.spec.ts" time="0.978"/>
    <testcase name="TC_Sestavy_022: Přehled prodejů - Seskupení bez recText  @regression @report @api @medium @grouping" classname="Regrese\Sestavy\Uzivatelske_Sestavy_Life_Cycle_api.spec.ts" time="0.843"/>
    <testcase name="TC_Sestavy_023: Přehled prodejů - Seskupení bez plu  @regression @report @api @medium @grouping" classname="Regrese\Sestavy\Uzivatelske_Sestavy_Life_Cycle_api.spec.ts" time="0.924"/>
    <testcase name="TC_Sestavy_024: Přehled prodejů - Seskupení bez groupLabel  @regression @report @api @medium @grouping" classname="Regrese\Sestavy\Uzivatelske_Sestavy_Life_Cycle_api.spec.ts" time="0.841"/>
    <testcase name="TC_Sestavy_025: Přehled prodejů - Seskupení bez stkitmTypeLabel  @regression @report @api @medium @grouping" classname="Regrese\Sestavy\Uzivatelske_Sestavy_Life_Cycle_api.spec.ts" time="0.905"/>
    <testcase name="TC_Sestavy_026: Přehled prodejů - Seskupení bez stockLabel  @regression @report @api @medium @grouping" classname="Regrese\Sestavy\Uzivatelske_Sestavy_Life_Cycle_api.spec.ts" time="0.862"/>
    <testcase name="TC_Sestavy_027: Přehled prodejů - Seskupení jen podle data  @regression @report @api @medium @grouping" classname="Regrese\Sestavy\Uzivatelske_Sestavy_Life_Cycle_api.spec.ts" time="0.885"/>
    <testcase name="TC_Sestavy_028: Přehled prodejů - Seskupení jen podle data  @regression @report @api @medium @filter @test" classname="Regrese\Sestavy\Uzivatelske_Sestavy_Life_Cycle_api.spec.ts" time="1.434"/>
    <testcase name="TC_Sestavy_029: Přehled nákupů zboží - Všechna seskupení  @regression @report @api @high @grouping" classname="Regrese\Sestavy\Uzivatelske_Sestavy_Life_Cycle_api.spec.ts" time="1.164"/>
    <testcase name="TC_Sestavy_030: Přehled nákupů zboží - Seskupení bez documentLabel  @regression @report @api @medium @grouping" classname="Regrese\Sestavy\Uzivatelske_Sestavy_Life_Cycle_api.spec.ts" time="0.882"/>
    <testcase name="TC_Sestavy_031: Přehled nákupů zboží - Seskupení bez groupLabel  @regression @report @api @medium @grouping" classname="Regrese\Sestavy\Uzivatelske_Sestavy_Life_Cycle_api.spec.ts" time="0.932"/>
    <testcase name="TC_Sestavy_032: Přehled nákupů zboží - Seskupení bez stockLabel  @regression @report @api @medium @grouping" classname="Regrese\Sestavy\Uzivatelske_Sestavy_Life_Cycle_api.spec.ts" time="0.873"/>
    <testcase name="TC_Sestavy_033: Přehled nákupů zboží - Seskupení jen podle PLU  @regression @report @api @medium @grouping" classname="Regrese\Sestavy\Uzivatelske_Sestavy_Life_Cycle_api.spec.ts" time="0.85"/>
    <testcase name="TC_Sestavy_034: Přehled pohybů zboží - valid onlyWithMove  @regression @report @api @medium @filter" classname="Regrese\Sestavy\Uzivatelske_Sestavy_Life_Cycle_api.spec.ts" time="0.893"/>
    <testcase name="TC_Sestavy_035: Přehled pohybů zboží - valid onlyWithMove  @regression @report @api @medium @filter" classname="Regrese\Sestavy\Uzivatelske_Sestavy_Life_Cycle_api.spec.ts" time="0.876"/>
    <testcase name="TC_Sestavy_036: Půlnoční registry stojanů  @regression @report @api @medium" classname="Regrese\Sestavy\Uzivatelske_Sestavy_Life_Cycle_api.spec.ts" time="1.464"/>
  </testsuite>
</testsuites>